// Jest Snapshot v1, https://goo.gl/fbAQLP

exports[`renders when there are no items 1`] = `
<footer>
  <div
    className="css-zs5lze"
  >
    <h2
      className="chakra-heading css-0"
    >
      TRDK03-UN
    </h2>
  </div>
</footer>
`;
