// Jest Snapshot v1, https://goo.gl/fbAQLP

exports[`renders when there are no items 1`] = `
<div
  className="css-1sjj4m4"
  onClick={[Function]}
  style={Object {}}
>
  <img
    alt="hei"
    className="chakra-image__placeholder css-1v14er2"
    object-fit="cover"
  />
</div>
`;
