// Jest Snapshot v1, https://goo.gl/fbAQLP

exports[`renders when there are no items 1`] = `
<div
  className="chakra-stack css-19g0xa"
>
  <h2
    className="chakra-heading css-0"
  >
    404
  </h2>
  <p
    className="chakra-text css-6dvxm2"
  >
    Denne siden eksisterer ikke
  </p>
  <button
    className="chakra-button css-1c5reui"
    onClick={[Function]}
    type="button"
  >
    <span
      className="chakra-button__icon css-ktvjz1"
    >
      <svg
        aria-hidden={true}
        className="chakra-icon css-onkibi"
        focusable={false}
        viewBox="0 0 24 24"
      >
        <g
          fill="currentColor"
        >
          <path
            d="M10.416,12a2.643,2.643,0,0,1,.775-1.875L20.732.584a1.768,1.768,0,0,1,2.5,2.5l-8.739,8.739a.25.25,0,0,0,0,.354l8.739,8.739a1.768,1.768,0,0,1-2.5,2.5l-9.541-9.541A2.643,2.643,0,0,1,10.416,12Z"
          />
          <path
            d="M.25,12a2.643,2.643,0,0,1,.775-1.875L10.566.584a1.768,1.768,0,0,1,2.5,2.5L4.327,11.823a.25.25,0,0,0,0,.354l8.739,8.739a1.768,1.768,0,0,1-2.5,2.5L1.025,13.875A2.643,2.643,0,0,1,.25,12Z"
          />
        </g>
      </svg>
    </span>
    Tilbake til forsiden
  </button>
</div>
`;
