// Jest Snapshot v1, https://goo.gl/fbAQLP

exports[`renders when there are no items 1`] = `
<div
  className="css-k008qs"
>
  <div
    className="css-253icu"
  >
    <svg
      height={568}
      id="svgGraph"
      width={819.2}
    />
  </div>
  <div
    className="chakra-stack css-142b4vo"
  >
    <h3
      className="chakra-heading css-0"
    >
      Filter
    </h3>
    <label
      className="chakra-checkbox css-1uiwwan"
    >
      <input
        checked={false}
        className="chakra-checkbox__input"
        onBlur={[Function]}
        onChange={[Function]}
        onFocus={[Function]}
        onKeyDown={[Function]}
        onKeyUp={[Function]}
        style={
          Object {
            "border": "0px",
            "clip": "rect(0px, 0px, 0px, 0px)",
            "height": "1px",
            "margin": "-1px",
            "overflow": "hidden",
            "padding": "0px",
            "position": "absolute",
            "whiteSpace": "nowrap",
            "width": "1px",
          }
        }
        type="checkbox"
      />
      <span
        aria-hidden={true}
        className="chakra-checkbox__control css-dnty2r"
        onMouseDown={[Function]}
        onMouseEnter={[Function]}
        onMouseLeave={[Function]}
        onMouseUp={[Function]}
      />
      <span
        className="chakra-checkbox__label css-1oeb2oe"
        onMouseDown={[Function]}
        onTouchStart={[Function]}
      >
        Vis delm√•l
      </span>
    </label>
  </div>
</div>
`;
