// Jest Snapshot v1, https://goo.gl/fbAQLP

exports[`renders when there are no items 1`] = `
<div
  className="css-1gnsnpc"
/>
`;
